{
  "recipeId": "",
  "kitchenId": "",
  "name": "Shake Shack Burger Recipe",
  "summary": "A quick and easy way to make the beloved Shake Shack burgers at home, complete with a delicious homemade sauce.",
  "prepTime": 10,
  "cookTime": 10,
  "servings": 4,
  "difficulty": 2,
  "course": "lunch",
  "class": "main",
  "cuisine": "American",
  "cover": null,
  "source": "https://umamigirl.com/shake-shack-burgers/",
  "createdAt": "0001-01-01T00:00:00Z",
  "updatedAt": "0001-01-01T00:00:00Z",
  "deletedAt": null,
  "reviewCount": 0,
  "reviewRating": 0,
  "sourceDomain": null,
  "ingredients": [
    {
      "ingredientId": 1,
      "name": "Hellmanâ€™s mayonnaise",
      "quantity": 0.25,
      "unit": "cup",
      "group": "For the sauce"
    },
    {
      "ingredientId": 2,
      "name": "dijon mustard",
      "quantity": 1,
      "unit": "tbsp",
      "group": "For the sauce"
    },
    {
      "ingredientId": 3,
      "name": "Heinz ketchup",
      "quantity": 1,
      "unit": "tbsp",
      "group": "For the sauce"
    },
    {
      "ingredientId": 4,
      "name": "brine from dill or full-sour pickles",
      "quantity": 1,
      "unit": "tsp",
      "group": "For the sauce"
    },
    {
      "ingredientId": 5,
      "name": "ground cayenne",
      "quantity": 0.125,
      "unit": "tsp",
      "group": "For the sauce"
    },
    {
      "ingredientId": 6,
      "name": "fine sea salt",
      "quantity": 0.125,
      "unit": "tsp",
      "group": "For the sauce"
    },
    {
      "ingredientId": 7,
      "name": "soft burger buns",
      "quantity": 4,
      "unit": "piece",
      "group": "For the burgers"
    },
    {
      "ingredientId": 8,
      "name": "salted butter, softened",
      "quantity": 2,
      "unit": "tbsp",
      "group": "For the burgers"
    },
    {
      "ingredientId": 9,
      "name": "cold grass-fed ground beef",
      "quantity": 1,
      "unit": "pound",
      "group": "For the burgers"
    },
    {
      "ingredientId": 10,
      "name": "fine sea salt",
      "quantity": 0.5,
      "unit": "tsp",
      "group": "For the burgers"
    },
    {
      "ingredientId": 11,
      "name": "freshly ground black pepper",
      "quantity": 0.5,
      "unit": "tsp",
      "group": "For the burgers"
    },
    {
      "ingredientId": 12,
      "name": "American cheese",
      "quantity": 4,
      "unit": "slice",
      "group": "For the burgers"
    },
    {
      "ingredientId": 13,
      "name": "ripe plum tomato",
      "quantity": 8,
      "unit": "slice",
      "group": "For the burgers"
    },
    {
      "ingredientId": 14,
      "name": "green leaf lettuce",
      "quantity": 4,
      "unit": "piece",
      "group": "For the burgers"
    }
  ],
  "steps": [
    {
      "stepId": 1,
      "instruction": "To make the sauce, stir together the mayo, mustard, ketchup, pickle brine, cayenne, and salt in a small bowl until well combined.",
      "group": null,
      "ingredientIds": [
        1,
        2,
        3,
        4,
        5,
        6
      ],
      "images": null,
      "note": ""
    },
    {
      "stepId": 2,
      "instruction": "Heat a cast-iron skillet over medium heat for two minutes.",
      "group": null,
      "ingredientIds": [],
      "images": null,
      "note": ""
    },
    {
      "stepId": 3,
      "instruction": "Open the hamburger buns and spread each inside face with some of the softened butter.",
      "group": null,
      "ingredientIds": [
        7,
        8
      ],
      "images": null,
      "note": ""
    },
    {
      "stepId": 4,
      "instruction": "Place buns buttered side down (probably in two batches, depending on your skillet) and toast for a couple of minutes, until light golden brown on the underside.",
      "group": null,
      "ingredientIds": [],
      "images": null,
      "note": ""
    },
    {
      "stepId": 5,
      "instruction": "Place buns on serving plates.",
      "group": null,
      "ingredientIds": [],
      "images": null,
      "note": ""
    },
    {
      "stepId": 6,
      "instruction": "Raise heat to medium-high.",
      "group": null,
      "ingredientIds": [],
      "images": null,
      "note": ""
    },
    {
      "stepId": 7,
      "instruction": "Divide beef into four hockey pucks and sprinkle both sides generously with salt and pepper.",
      "group": null,
      "ingredientIds": [
        9,
        10,
        11
      ],
      "images": null,
      "note": ""
    },
    {
      "stepId": 8,
      "instruction": "Place pucks onto skillet and use a sturdy metal spatula to firmly smash each puck into a patty that's about 1/3-inch thick. After this, absolutely ignore the burgers for about three minutes, until the undersides are brown and crisp at the edges and the juices on the surface are hot and bubbly.",
      "group": null,
      "ingredientIds": [],
      "images": null,
      "note": ""
    },
    {
      "stepId": 9,
      "instruction": "Scrape up each patty and any brown bits with the spatula and flip it.",
      "group": null,
      "ingredientIds": [],
      "images": null,
      "note": ""
    },
    {
      "stepId": 10,
      "instruction": "Cook one to two minutes more.",
      "group": null,
      "ingredientIds": [],
      "images": null,
      "note": ""
    },
    {
      "stepId": 11,
      "instruction": "Place a slice of cheese on top of each burger at the very end of cooking to melt just enough.",
      "group": null,
      "ingredientIds": [
        12
      ],
      "images": null,
      "note": ""
    },
    {
      "stepId": 12,
      "instruction": "Transfer patties to buns.",
      "group": null,
      "ingredientIds": [],
      "images": null,
      "note": ""
    },
    {
      "stepId": 13,
      "instruction": "Layer each burger with two tomato slices and a piece of lettuce.",
      "group": null,
      "ingredientIds": [
        13,
        14
      ],
      "images": null,
      "note": ""
    },
    {
      "stepId": 14,
      "instruction": "Spoon 1/4 of the sauce onto each top bun half. Serve immediately.",
      "group": null,
      "ingredientIds": [],
      "images": null,
      "note": ""
    }
  ],
  "shareUrl": ""
}
